// Jest Snapshot v1, https://goo.gl/fbAQLP

exports[`Home should be rendered correctly. 1`] = `
<div>
  <div
    class="home"
  >
    <img
      alt="Application Logo"
      class="home__app-logo spin"
      src="react.svg"
    />
    <h1
      class="home__app-name"
    >
      React Boilerplate
    </h1>
    <div
      class="home__badges"
    >
      <a
        href="https://github.com/lszymanski7/boilerplate-react"
      >
        <img
          alt="GitHub Badge"
          src="https://img.shields.io/badge/GitHub-555555?style=for-the-badge&logo=github"
        />
      </a>
      <img
        alt="Version Badge"
        src="https://img.shields.io/badge/1.0.0-blue?style=for-the-badge&label=Version&labelColor=555555"
      />
      <img
        alt="Size Badge"
        src="https://img.shields.io/github/repo-size/lszymanski7/boilerplate-react?style=for-the-badge&label=Size&labelColor=555555"
      />
      <a
        href="https://github.com/lszymanski7/boilerplate-react/blob/main/LICENSE.md"
      >
        <img
          alt="License Badge"
          src="https://img.shields.io/badge/License-MIT-yellow.svg?style=for-the-badge&label=License&labelColor=555555"
        />
      </a>
      <img
        alt="Forks Badge"
        src="https://img.shields.io/github/forks/lszymanski7/boilerplate-react?style=for-the-badge&color=green&label=Forks&labelColor=555555"
      />
      <img
        alt="Stars Badge"
        src="https://img.shields.io/github/stars/lszymanski7/boilerplate-react?style=for-the-badge&color=green&label=Stars&labelColor=555555"
      />
    </div>
  </div>
</div>
`;
