// Jest Snapshot v1, https://goo.gl/fbAQLP

exports[`Footer should be rendered correctly. 1`] = `
<div>
  <footer
    class="footer"
  >
    <p>
      Created with 💙 by Łukasz Szymański
    </p>
  </footer>
</div>
`;
